
> frontend@1.0.0 build
> tsc && vite build

src/pages/UserManagement.tsx(344,30): error TS17008: JSX element 'div' has no corresponding closing tag.
